\BOOKMARK [1][-]{section.1}{\376\377\000I\000n\000t\000r\000o\000d\000u\000c\000c\000i\000\363\000n\000\040\000a\000\040\000l\000a\000\040\000d\000e\000t\000e\000c\000c\000i\000\363\000n\000\040\000d\000e\000\040\000o\000b\000j\000e\000t\000o\000s\000\040\000e\000n\000\040\000i\000m\000\341\000g\000e\000n\000e\000s\000\040\000t\000\351\000r\000m\000i\000c\000a\000s}{}% 1
\BOOKMARK [2][-]{subsection.1.1}{\376\377\000E\000s\000t\000a\000d\000o\000\040\000d\000e\000l\000\040\000A\000r\000t\000e\000\040\000e\000n\000\040\000d\000e\000t\000e\000c\000c\000i\000\363\000n\000\040\000t\000\351\000r\000m\000i\000c\000a}{section.1}% 2
\BOOKMARK [2][-]{subsection.1.2}{\376\377\000R\000e\000d\000e\000s\000\040\000N\000e\000u\000r\000o\000n\000a\000l\000e\000s\000\040\000C\000o\000n\000v\000o\000l\000u\000c\000i\000o\000n\000a\000l\000e\000s\000\040\000\050\000C\000N\000N\000\051}{section.1}% 3
\BOOKMARK [2][-]{subsection.1.3}{\376\377\000M\000e\000t\000o\000d\000o\000l\000o\000g\000\355\000a\000\040\000Y\000O\000L\000O}{section.1}% 4
\BOOKMARK [1][-]{section.2}{\376\377\000F\000u\000n\000d\000a\000m\000e\000n\000t\000o\000s\000\040\000d\000e\000\040\000f\000u\000n\000c\000i\000o\000n\000a\000m\000i\000e\000n\000t\000o\000\040\000d\000e\000\040\000l\000a\000\040\000r\000e\000d\000\040\000Y\000O\000L\000O}{}% 5
\BOOKMARK [2][-]{subsection.2.1}{\376\377\000N\000e\000u\000r\000o\000n\000a\000\040\000d\000e\000\040\000l\000a\000\040\000r\000e\000d\000\040\000Y\000O\000L\000O}{section.2}% 6
\BOOKMARK [2][-]{subsection.2.2}{\376\377\000T\000o\000p\000o\000l\000o\000g\000\355\000a\000\040\000d\000e\000\040\000l\000a\000\040\000r\000e\000d}{section.2}% 7
\BOOKMARK [3][-]{subsubsection.2.2.1}{\376\377\000B\000a\000c\000k\000b\000o\000n\000e\000:\000\040\000E\000x\000t\000r\000a\000c\000c\000i\000\363\000n\000\040\000d\000e\000\040\000C\000a\000r\000a\000c\000t\000e\000r\000\355\000s\000t\000i\000c\000a\000s}{subsection.2.2}% 8
\BOOKMARK [3][-]{subsubsection.2.2.2}{\376\377\000N\000e\000c\000k\000:\000\040\000F\000u\000s\000i\000\363\000n\000\040\000d\000e\000\040\000E\000s\000c\000a\000l\000a\000s}{subsection.2.2}% 9
\BOOKMARK [3][-]{subsubsection.2.2.3}{\376\377\000H\000e\000a\000d\000:\000\040\000D\000e\000t\000e\000c\000c\000i\000\363\000n}{subsection.2.2}% 10
\BOOKMARK [2][-]{subsection.2.3}{\376\377\000R\000e\000g\000l\000a\000s\000\040\000d\000e\000\040\000e\000n\000t\000r\000e\000n\000a\000m\000i\000e\000n\000t\000o}{section.2}% 11
\BOOKMARK [3][-]{subsubsection.2.3.1}{\376\377\000E\000n\000t\000r\000e\000n\000a\000m\000i\000e\000n\000t\000o\000\040\000d\000e\000\040\000l\000a\000\040\000r\000e\000d}{subsection.2.3}% 12
\BOOKMARK [3][-]{subsubsection.2.3.2}{\376\377\000H\000i\000p\000e\000r\000p\000a\000r\000\341\000m\000e\000t\000r\000o\000s}{subsection.2.3}% 13
\BOOKMARK [1][-]{section.3}{\376\377\000M\000e\000t\000o\000d\000o\000l\000o\000g\000\355\000a\000\040\000d\000e\000\040\000e\000n\000t\000r\000e\000n\000a\000m\000i\000e\000n\000t\000o\000\040\000y\000\040\000c\000l\000a\000s\000i\000f\000i\000c\000a\000c\000i\000\363\000n}{}% 14
\BOOKMARK [2][-]{subsection.3.1}{\376\377\000P\000r\000e\000p\000r\000o\000c\000e\000s\000a\000m\000i\000e\000n\000t\000o\000\040\000y\000\040\000g\000e\000n\000e\000r\000a\000c\000i\000\363\000n\000\040\000d\000e\000\040\000e\000t\000i\000q\000u\000e\000t\000a\000s\000\040\000l\000a\000b\000e\000l\000s\000\137\000g\000e\000n\000e\000r\000a\000t\000o\000r\000.\000p\000y}{section.3}% 15
\BOOKMARK [2][-]{subsection.3.2}{\376\377\000C\000o\000n\000f\000i\000g\000u\000r\000a\000c\000i\000\363\000n\000\040\000d\000e\000l\000\040\000e\000n\000t\000r\000e\000n\000a\000m\000i\000e\000n\000t\000o\000\040\000y\000\040\000h\000a\000r\000d\000w\000a\000r\000e\000\040\000t\000r\000a\000i\000n\000.\000p\000y}{section.3}% 16
\BOOKMARK [2][-]{subsection.3.3}{\376\377\000C\000o\000n\000v\000e\000r\000s\000i\000\363\000n\000\040\000y\000\040\000p\000r\000o\000c\000e\000s\000a\000m\000i\000e\000n\000t\000o\000\040\000d\000e\000\040\000d\000a\000t\000o\000s\000\040\000m\000e\000t\000r\000i\000c\000s\000\137\000c\000a\000l\000c\000u\000l\000a\000t\000i\000o\000n\000.\000p\000y}{section.3}% 17
\BOOKMARK [2][-]{subsection.3.4}{\376\377\000C\000\341\000l\000c\000u\000l\000o\000\040\000d\000e\000\040\000l\000a\000\040\000i\000n\000t\000e\000r\000s\000e\000c\000c\000i\000\363\000n\000\040\000s\000o\000b\000r\000e\000\040\000l\000a\000\040\000u\000n\000i\000\363\000n\000\040\000\050\000I\000o\000U\000\051\000\040\000m\000e\000t\000r\000i\000c\000s\000\137\000c\000a\000l\000c\000u\000l\000a\000t\000i\000o\000n\000.\000p\000y}{section.3}% 18
\BOOKMARK [2][-]{subsection.3.5}{\376\377\000C\000r\000e\000a\000c\000i\000\363\000n\000\040\000d\000e\000\040\000m\000a\000t\000r\000i\000z\000\040\000d\000e\000\040\000c\000o\000n\000f\000u\000s\000i\000\363\000n\000\040\000m\000u\000l\000t\000i\000c\000l\000a\000s\000e\000\040\000m\000e\000t\000r\000i\000c\000s\000\137\000g\000r\000a\000p\000h\000i\000c\000s\000.\000p\000y}{section.3}% 19
\BOOKMARK [2][-]{subsection.3.6}{\376\377\000M\000\351\000t\000r\000i\000c\000a\000s\000\040\000d\000e\000\040\000d\000e\000s\000e\000m\000p\000e\000\361\000o\000\040\000m\000e\000t\000r\000i\000c\000s\000\137\000g\000r\000a\000p\000h\000i\000c\000s\000.\000p\000y}{section.3}% 20
\BOOKMARK [2][-]{subsection.3.7}{\376\377\000A\000v\000e\000r\000a\000g\000e\000\040\000P\000r\000e\000c\000i\000s\000i\000o\000n\000\040\000y\000\040\000m\000e\000a\000n\000\040\000A\000v\000e\000r\000a\000g\000e\000\040\000P\000r\000e\000c\000i\000s\000i\000o\000n\000\040\000m\000e\000t\000r\000i\000c\000s\000\137\000g\000r\000a\000p\000h\000i\000c\000s\000.\000p\000y}{section.3}% 21
\BOOKMARK [2][-]{subsection.3.8}{\376\377\000E\000v\000a\000l\000u\000a\000c\000i\000\363\000n\000\040\000d\000e\000\040\000l\000a\000\040\000e\000f\000i\000c\000i\000e\000n\000c\000i\000a\000\040\000c\000o\000m\000p\000u\000t\000a\000c\000i\000o\000n\000a\000l\000\040\000m\000e\000t\000r\000i\000c\000s\000\137\000c\000a\000l\000c\000u\000l\000a\000t\000i\000o\000n\000.\000p\000y}{section.3}% 22
\BOOKMARK [2][-]{subsection.3.9}{\376\377\000V\000i\000s\000u\000a\000l\000i\000z\000a\000c\000i\000\363\000n\000\040\000d\000e\000\040\000r\000e\000s\000u\000l\000t\000a\000d\000o\000s\000\040\000v\000i\000d\000e\000o\000\137\000p\000r\000o\000c\000e\000s\000s\000.\000p\000y}{section.3}% 23
\BOOKMARK [1][-]{section.4}{\376\377\000R\000e\000s\000u\000l\000t\000a\000d\000o\000s}{}% 24
\BOOKMARK [1][-]{section.5}{\376\377\000C\000o\000n\000c\000l\000u\000s\000i\000o\000n\000e\000s}{}% 25
\BOOKMARK [2][-]{subsection.5.1}{\376\377\000L\000o\000g\000r\000o\000s\000\040\000y\000\040\000f\000o\000r\000t\000a\000l\000e\000z\000a\000s\000\040\000d\000e\000l\000\040\000m\000o\000d\000e\000l\000o}{section.5}% 26
\BOOKMARK [2][-]{subsection.5.2}{\376\377\000L\000i\000m\000i\000t\000a\000c\000i\000o\000n\000e\000s\000\040\000y\000\040\000l\000\355\000n\000e\000a\000s\000\040\000f\000u\000t\000u\000r\000a\000s}{section.5}% 27
\BOOKMARK [1][-]{appendix.Alph1}{\376\377\000T\000\351\000c\000n\000i\000c\000a\000s\000\040\000d\000e\000\040\000R\000e\000c\000o\000n\000o\000c\000i\000m\000i\000e\000n\000t\000o\000\040\000d\000e\000\040\000P\000a\000t\000r\000o\000n\000e\000s\000\040\000d\000e\000\040\000i\000m\000\341\000g\000e\000n\000e\000s\000\040\000t\000\351\000r\000m\000i\000c\000a\000s\000\040\000c\000o\000n\000\040\000I\000A}{}% 28
\BOOKMARK [2][-]{subsection.Alph1.1}{\376\377\000I\000n\000t\000r\000o\000d\000u\000c\000c\000i\000\363\000n\000\040\000a\000\040\000l\000a\000\040\000d\000e\000t\000e\000c\000c\000i\000\363\000n\000\040\000d\000e\000\040\000o\000b\000j\000e\000t\000o\000s\000\040\000e\000n\000\040\000i\000m\000\341\000g\000e\000n\000e\000s\000\040\000t\000\351\000r\000m\000i\000c\000a\000s}{appendix.Alph1}% 29
\BOOKMARK [3][-]{subsubsection.Alph1.1.1}{\376\377\000E\000s\000t\000a\000d\000o\000\040\000d\000e\000l\000\040\000A\000r\000t\000e\000\040\000e\000n\000\040\000d\000e\000t\000e\000c\000c\000i\000\363\000n\000\040\000t\000\351\000r\000m\000i\000c\000a}{subsection.Alph1.1}% 30
\BOOKMARK [3][-]{subsubsection.Alph1.1.2}{\376\377\000R\000e\000d\000e\000s\000\040\000N\000e\000u\000r\000o\000n\000a\000l\000e\000s\000\040\000C\000o\000n\000v\000o\000l\000u\000c\000i\000o\000n\000a\000l\000e\000s\000\040\000\050\000C\000N\000N\000\051}{subsection.Alph1.1}% 31
\BOOKMARK [3][-]{subsubsection.Alph1.1.3}{\376\377\000M\000e\000t\000o\000d\000o\000l\000o\000g\000\355\000a\000\040\000Y\000O\000L\000O}{subsection.Alph1.1}% 32
\BOOKMARK [2][-]{subsection.Alph1.2}{\376\377\000F\000u\000n\000d\000a\000m\000e\000n\000t\000o\000s\000\040\000d\000e\000\040\000f\000u\000n\000c\000i\000o\000n\000a\000m\000i\000e\000n\000t\000o\000\040\000d\000e\000\040\000l\000a\000\040\000r\000e\000d\000\040\000Y\000O\000L\000O}{appendix.Alph1}% 33
\BOOKMARK [3][-]{subsubsection.Alph1.2.1}{\376\377\000N\000e\000u\000r\000o\000n\000a\000\040\000d\000e\000\040\000l\000a\000\040\000r\000e\000d\000\040\000Y\000O\000L\000O}{subsection.Alph1.2}% 34
\BOOKMARK [3][-]{subsubsection.Alph1.2.2}{\376\377\000T\000o\000p\000o\000l\000o\000g\000\355\000a\000\040\000d\000e\000\040\000l\000a\000\040\000r\000e\000d}{subsection.Alph1.2}% 35
\BOOKMARK [3][-]{subsubsection.Alph1.2.3}{\376\377\000R\000e\000g\000l\000a\000s\000\040\000d\000e\000\040\000e\000n\000t\000r\000e\000n\000a\000m\000i\000e\000n\000t\000o}{subsection.Alph1.2}% 36
\BOOKMARK [2][-]{subsection.Alph1.3}{\376\377\000D\000e\000s\000a\000r\000r\000o\000l\000l\000o\000:\000\040\000A\000p\000l\000i\000c\000a\000c\000i\000\363\000n\000\040\000e\000n\000\040\000I\000m\000\341\000g\000e\000n\000e\000s\000\040\000T\000\351\000r\000m\000i\000c\000a\000s}{appendix.Alph1}% 37
\BOOKMARK [2][-]{subsection.Alph1.4}{\376\377\000R\000e\000s\000u\000l\000t\000a\000d\000o\000s}{appendix.Alph1}% 38
\BOOKMARK [1][-]{appendix.Alph2}{\376\377\000C\000r\000i\000t\000i\000c\000a\000\040\000a\000\040\000l\000o\000\040\000r\000e\000a\000l\000i\000z\000a\000d\000o\000\040\000c\000o\000n\000\040\000I\000A}{}% 39
\BOOKMARK [2][-]{subsection.Alph2.1}{\376\377\000N\000a\000t\000u\000r\000a\000l\000e\000z\000a\000\040\000p\000r\000o\000f\000u\000n\000d\000a\000m\000e\000n\000t\000e\000\040\000i\000m\000p\000r\000e\000c\000i\000s\000a}{appendix.Alph2}% 40
\BOOKMARK [2][-]{subsection.Alph2.2}{\376\377\000C\000o\000n\000t\000e\000n\000i\000d\000o\000\040\000m\000a\000n\000i\000f\000i\000e\000s\000t\000a\000m\000e\000n\000t\000e\000\040\000i\000n\000c\000o\000m\000p\000l\000e\000t\000o}{appendix.Alph2}% 41
\BOOKMARK [2][-]{subsection.Alph2.3}{\376\377\000E\000v\000a\000l\000u\000a\000c\000i\000\363\000n\000\040\000g\000l\000o\000b\000a\000l\000:\000\040\000M\000u\000y\000\040\000m\000a\000l\000o}{appendix.Alph2}% 42
